// Jest Snapshot v1, https://goo.gl/fbAQLP

exports[`compat-plugin-proxies positive-match: positive-match 1`] = `
"import App from 'fusion-react';
import {createPlugin} from 'fusion-core';
import {SomeToken, SomePlugin} from 'some-plugin';
import {OtherToken, OtherPlugin} from 'other-plugin';

console.log(App);

function thing() {
  const app = new App();
  if (__BROWSER__) {
    app.register(OtherToken, OtherPlugin);
  }
  if (__NODE__) {
    app.register(SomeToken, SomePlugin);
  }
  return app;
}


      ↓ ↓ ↓ ↓ ↓ ↓

import App from 'fusion-react';
import {createPlugin, SSRDeciderToken} from 'fusion-core';
import proxyConfig from './config/proxies.js';
import ProxyPlugin, {
  ProxyConfigToken,
  ProxySSRDecider,
} from '@uber/fusion-plugin-proxy-compat';
import {SomeToken, SomePlugin} from 'some-plugin';
import {OtherToken, OtherPlugin} from 'other-plugin';

console.log(App);

function thing() {
  const app = new App();
  if (__BROWSER__) {
    app.register(OtherToken, OtherPlugin);
  }
  if (__NODE__) {
    app.register(SomeToken, SomePlugin);
    app.enhance(SSRDeciderToken, ProxySSRDecider);
    app.register(ProxyConfigToken, proxyConfig);
  }
  return app;
}
"
`;
