// Jest Snapshot v1, https://goo.gl/fbAQLP

exports[`compat-plugin-universal-logger 1. compat-plugin-universal-logger: 1. compat-plugin-universal-logger 1`] = `
"
import App from 'fusion-react';
import {SomeToken, SomePlugin} from 'some-plugin';

console.log(App);

function thing() {
  const app = new App();
  app.register(SomeToken, SomePlugin);
  return app;
}

      ↓ ↓ ↓ ↓ ↓ ↓

import App from 'fusion-react';
import UniversalLoggerCompatPlugin from '@uber/fusion-plugin-universal-logger-compat';import { SomeToken, SomePlugin } from 'some-plugin';

console.log(App);

function thing() {
  const app = new App();
  app.register(UniversalLoggerCompatPlugin);app.register(SomeToken, SomePlugin);
  return app;
}
"
`;
