// Jest Snapshot v1, https://goo.gl/fbAQLP

exports[`bedrock-asset-url positive-match: positive-match 1`] = `
"import assetUrl from '@uber/bedrock/asset-url';

assetUrl('/javascripts/main.js');

export default () => {
  const a = assetUrl('/static/test.png');
  const b = assetUrl('/stylesheets/main.css');
  const c = assetUrl('/stylesheets/test.css');
  assetUrl.init('test');
  console.log(assetUrl);
  return (
    <div>
      <script src={assetUrl('/javascripts/main.js')} />
    </div>
  );
};


      ↓ ↓ ↓ ↓ ↓ ↓

import {assetUrl} from 'fusion-core';
assetUrl('/javascripts/main.js');
export default () => {
  const a = assetUrl('../../client/static/test.png');
  const b = assetUrl('../../../../../../../dist-client/main.css');
  const c = assetUrl('../../client/stylesheets/test.css');
  console.log(assetUrl);
  return <div />;
};
"
`;
