// Jest Snapshot v1, https://goo.gl/fbAQLP

exports[`Welcome 1`] = `
<div
  className=""
>
  <div>
    <Styled(div)
      $delay="500ms"
    >
      <h1
        className=""
      >
        Welcome
      </h1>
    </Styled(div)>
    <div
      className=""
    >
      <Styled(div)
        $delay="1.5s"
      >
        <ButtonLink>
          Let's get started
        </ButtonLink>
      </Styled(div)>
    </div>
  </div>
</div>
`;
