// Jest Snapshot v1, https://goo.gl/fbAQLP

exports[`Welcome 1`] = `
<Styled(div)>
  <div>
    <Styled(div)
      $delay="500ms"
    >
      <ForwardRef(FontLoader)>
        Welcome
      </ForwardRef(FontLoader)>
    </Styled(div)>
    <Styled(div)>
      <Styled(div)
        $delay="1.5s"
      >
        <ButtonLink>
          Let's get started
        </ButtonLink>
      </Styled(div)>
    </Styled(div)>
  </div>
</Styled(div)>
`;
