// Jest Snapshot v1, https://goo.gl/fbAQLP

exports[`compat-plugin-router-v3-compat positive-match: positive-match 1`] = `
"import App from 'fusion-react';
import {SomeToken, SomePlugin} from 'some-plugin';

console.log(App);

function thing() {
  const app = new App();
  app.register(SomeToken, SomePlugin);
  return app;
}


      ↓ ↓ ↓ ↓ ↓ ↓

import App from 'fusion-react';
import RouterV3Compat from '@uber/fusion-plugin-react-router-v3-compat';
import {SomeToken, SomePlugin} from 'some-plugin';
console.log(App);

function thing() {
  const app = new App();
  app.register(RouterV3Compat);
  app.register(SomeToken, SomePlugin);
  return app;
}
"
`;
