// Jest Snapshot v1, https://goo.gl/fbAQLP

exports[`compat-plugin-uber-xhr positive-match: positive-match 1`] = `
"import App from 'fusion-react';
import {SomeToken, SomePlugin} from 'some-plugin';

console.log(App);

function thing() {
  const app = new App();
  app.register(SomeToken, SomePlugin);
  if (lol) {
    console.log('lol');
  }
  if (__NODE__) {
    console.log('NODE');
  } else {
    console.log('BROWSER');
  }
  return app;
}


      ↓ ↓ ↓ ↓ ↓ ↓

import App from 'fusion-react';
import UberXhrPlugin from '@uber/fusion-plugin-uber-xhr-compat';
import {SomeToken, SomePlugin} from 'some-plugin';
console.log(App);

function thing() {
  const app = new App();
  app.register(SomeToken, SomePlugin);

  if (lol) {
    console.log('lol');
  }

  if (__NODE__) {
    console.log('NODE');
  } else {
    console.log('BROWSER');
    app.register(UberXhrPlugin);
  }

  return app;
}
"
`;
