// Jest Snapshot v1, https://goo.gl/fbAQLP

exports[`index-route positive-match: positive-match 1`] = `
"import React from 'react';
import {Route, IndexRoute} from 'react-router';
import FourOhFour from './not-found';
import AppContainer from '../containers/app-container';

export default (
  <Route component={AppContainer} path=\\"prefix\\">
    <IndexRoute component={Test} />
    <Route path=\\"*\\" component={FourOhFour} statusCode={404} />
  </Route>
);


      ↓ ↓ ↓ ↓ ↓ ↓

import React from 'react';
import {Route, IndexRoute} from 'react-router';
import FourOhFour from './not-found';
import AppContainer from '../containers/app-container';
export default (
  <Route component={AppContainer} path=\\"prefix\\">
    <Route path=\\"/\\" exact component={Test} />
    <Route path=\\"*\\" component={FourOhFour} statusCode={404} />
  </Route>
);
"
`;
