// Jest Snapshot v1, https://goo.gl/fbAQLP

exports[`bedrock-cdn-url positive-match: positive-match 1`] = `
"import cdnUrl from '@uber/bedrock/cdnUrl';

export default () => {
  const thing = cdnUrl('static/test.png');
  const other = cdnUrl(thing);
};


      ↓ ↓ ↓ ↓ ↓ ↓

export default () => {
  const thing = 'https://cdn.com/static/test.png';
  const other = 'https://cdn.com/' + thing;
};
"
`;
